// Jest Snapshot v1, https://goo.gl/fbAQLP

exports[`should render a section 1`] = `
"<Fragment>
  <div>
    <div className=\\"alertBannerContainer\\">
      <AlertBanner alertBannerData={{...}} />
    </div>
    <div className=\\"home-container\\">
      <Head>
        <title>
          Search NEU - 
          NEU
           
        </title>
      </Head>
      <a href=\\"https://www.sandboxnu.com/\\" target=\\"_blank\\" rel=\\"noopener noreferrer\\" className=\\"sandboxLogoContainer\\">
        <Image src=\\"/images/sandbox-logo.png\\" alt=\\"sandbox logo\\" width={47} height={61} />
      </a>
      <div className=\\"signInButtonContainer\\">
        <DropdownMenuWrapper userInfo={{...}} onSignIn={[Function: onSignIn]} onSignOut={[Function: onSignOut]} />
      </div>
      <TestimonialModal visible={false} onCancel={[Function: onCancel]} />
      <div>
        <div className=\\"ui center spacing aligned icon header topHeader\\">
          <div className=\\"centerTextContainer\\">
            <Logo className=\\"logo\\" aria-label=\\"logo\\" campus=\\"NEU\\" />
            <LoadingContainer />
            <ExploratorySearchButton termId=\\"\\" campus=\\"NEU\\" />
          </div>
          <Husky className=\\"husky\\" campus=\\"NEU\\" aria-label=\\"husky\\" />
          <div className=\\"bostonContainer\\">
            <SvgBoston className=\\"boston\\" aria-label=\\"logo\\" />
          </div>
          <TestimonialToast position=\\"toast-bottom-left\\" />
        </div>
        <Memo(Footer) />
      </div>
    </div>
  </div>
</Fragment>"
`;
