// Jest Snapshot v1, https://goo.gl/fbAQLP

exports[`should render 1`] = `
"<div className=\\"sign-up-for-notifications-container\\">
  <Button basic={true} disabled={true} content=\\"The notification feature is temporarily disabled\\" className=\\"notificationButton\\" as=\\"button\\" />
  <Modal header=\\"Please disable adblock and sign into Facebook.\\" open={false} content=\\"Please disable any ad blocking extentions for this site because this feature does not work when adblock is enabled. If you are using Firefox in strict blocking mode, you will need to add an exception for this site for this feature to work. You will also have to uninstall Facebook Container for Firefox, if you have that installed. You can also try using a different browser. If you can\\\\'t get it working send us a message at hey@searchneu.com.\\" actions={{...}} centered={true} dimmer={true} closeOnDimmerClick={true} closeOnDocumentClick={false} eventPool=\\"Modal\\" />
</div>"
`;

exports[`should render 2`] = `
"<div className=\\"sign-up-for-notifications-container\\">
  <Button basic={true} disabled={true} content=\\"The notification feature is temporarily disabled\\" className=\\"notificationButton\\" as=\\"button\\" />
  <Modal header=\\"Please disable adblock and sign into Facebook.\\" open={false} content=\\"Please disable any ad blocking extentions for this site because this feature does not work when adblock is enabled. If you are using Firefox in strict blocking mode, you will need to add an exception for this site for this feature to work. You will also have to uninstall Facebook Container for Firefox, if you have that installed. You can also try using a different browser. If you can\\\\'t get it working send us a message at hey@searchneu.com.\\" actions={{...}} centered={true} dimmer={true} closeOnDimmerClick={true} closeOnDocumentClick={false} eventPool=\\"Modal\\" />
</div>"
`;
